[debug] [2026-09-01T12:17:25.706Z] ----------------------------------------------------------------------
[debug] [2026-09-01T12:17:25.708Z] Command:       C:\Program Files\nodejs\node.exe C:\Users\hosam\AppData\Roaming\npm\node_modules\firebase-tools\lib\bin\firebase.js deploy --only hosting
[debug] [2026-09-01T12:17:25.708Z] CLI Version:   15.28.2
[debug] [2026-09-01T12:17:25.709Z] Platform:      win32
[debug] [2026-09-01T12:17:25.709Z] Node Version:  v22.22.2
[debug] [2026-09-01T12:17:25.709Z] Detected Agent: unknown
[debug] [2026-09-01T12:17:25.709Z] Time:          Tue Sep 01 2026 15:17:25 GMT+0300 (Arabian Standard Time)
[debug] [2026-09-01T12:17:25.709Z] ----------------------------------------------------------------------
[debug] 
[debug] [2026-09-01T12:17:27.503Z] > command requires scopes: ["email","openid","https://www.googleapis.com/auth/cloudplatformprojects.readonly","https://www.googleapis.com/auth/firebase","https://www.googleapis.com/auth/cloud-platform"]
[debug] [2026-09-01T12:17:27.503Z] > authorizing via signed-in user (hosamactionuser@outlook.com)
[debug] [2026-09-01T12:17:27.503Z] [iam] checking project hkarate-app for permissions ["firebase.projects.get","firebasehosting.sites.update"]
[debug] [2026-09-01T12:17:27.513Z] Checked if tokens are valid: true, expires at: 1788268636794
[debug] [2026-09-01T12:17:27.513Z] Checked if tokens are valid: true, expires at: 1788268636794
[debug] [2026-09-01T12:17:27.514Z] >>> [apiv2][query] POST https://cloudresourcemanager.googleapis.com/v1/projects/hkarate-app:testIamPermissions [none]
[debug] [2026-09-01T12:17:27.514Z] >>> [apiv2][(partial)header] POST https://cloudresourcemanager.googleapis.com/v1/projects/hkarate-app:testIamPermissions  x-goog-user-project=hkarate-app
[debug] [2026-09-01T12:17:27.514Z] >>> [apiv2][body] POST https://cloudresourcemanager.googleapis.com/v1/projects/hkarate-app:testIamPermissions {"permissions":["firebase.projects.get","firebasehosting.sites.update"]}
[debug] [2026-09-01T12:17:29.143Z] <<< [apiv2][status] POST https://cloudresourcemanager.googleapis.com/v1/projects/hkarate-app:testIamPermissions 403
[debug] [2026-09-01T12:17:29.143Z] <<< [apiv2][body] POST https://cloudresourcemanager.googleapis.com/v1/projects/hkarate-app:testIamPermissions {"error":{"code":403,"message":"Project hkarate-app has been deleted.","status":"PERMISSION_DENIED","details":[{"@type":"type.googleapis.com/google.rpc.ErrorInfo","reason":"USER_PROJECT_DENIED","domain":"googleapis.com","metadata":{"containerInfo":"hkarate-app","service":"cloudresourcemanager.googleapis.com","consumer":"projects/hkarate-app"}},{"@type":"type.googleapis.com/google.rpc.LocalizedMessage","locale":"en-US","message":"Project hkarate-app has been deleted."}]}}
[debug] [2026-09-01T12:17:29.144Z] [iam] error while checking permissions, command may fail: Request to https://cloudresourcemanager.googleapis.com/v1/projects/hkarate-app:testIamPermissions had HTTP Error: 403, Project hkarate-app has been deleted.
[debug] [2026-09-01T12:17:29.145Z] Checked if tokens are valid: true, expires at: 1788268636794
[debug] [2026-09-01T12:17:29.145Z] Checked if tokens are valid: true, expires at: 1788268636794
[debug] [2026-09-01T12:17:29.145Z] >>> [apiv2][query] GET https://firebase.googleapis.com/v1beta1/projects/hkarate-app [none]
[debug] [2026-09-01T12:17:29.659Z] <<< [apiv2][status] GET https://firebase.googleapis.com/v1beta1/projects/hkarate-app 200
[debug] [2026-09-01T12:17:29.660Z] <<< [apiv2][body] GET https://firebase.googleapis.com/v1beta1/projects/hkarate-app {"projectId":"hkarate-app","projectNumber":"264345433817","displayName":"hkarate-app","name":"projects/hkarate-app","resources":{"hostingSite":"hkarate-app"},"state":"ACTIVE","labels":{"firebase":"enabled"},"etag":"1_7e00ecf0-cde3-49a3-8fea-f3b2a5013f45"}
[info] 
[info] === Deploying to 'hkarate-app'...
[info] 
[info] i  deploying hosting 
[debug] [2026-09-01T12:17:29.664Z] Checked if tokens are valid: true, expires at: 1788268636794
[debug] [2026-09-01T12:17:29.664Z] Checked if tokens are valid: true, expires at: 1788268636794
[debug] [2026-09-01T12:17:29.664Z] >>> [apiv2][query] GET https://firebasehosting.googleapis.com/v1beta1/projects/hkarate-app/sites/hkarate-app [none]
[debug] [2026-09-01T12:17:31.508Z] <<< [apiv2][status] GET https://firebasehosting.googleapis.com/v1beta1/projects/hkarate-app/sites/hkarate-app 200
[debug] [2026-09-01T12:17:31.508Z] <<< [apiv2][body] GET https://firebasehosting.googleapis.com/v1beta1/projects/hkarate-app/sites/hkarate-app {"name":"projects/hkarate-app/sites/hkarate-app","defaultUrl":"https://hkarate-app.web.app","type":"DEFAULT_SITE"}
[debug] [2026-09-01T12:17:31.509Z] Checked if tokens are valid: true, expires at: 1788268636794
[debug] [2026-09-01T12:17:31.509Z] Checked if tokens are valid: true, expires at: 1788268636794
[debug] [2026-09-01T12:17:31.509Z] >>> [apiv2][query] POST https://firebasehosting.googleapis.com/v1beta1/projects/-/sites/hkarate-app/versions [none]
[debug] [2026-09-01T12:17:31.509Z] >>> [apiv2][body] POST https://firebasehosting.googleapis.com/v1beta1/projects/-/sites/hkarate-app/versions {"status":"CREATED","labels":{"deployment-tool":"cli-firebase"}}
[debug] [2026-09-01T12:17:33.190Z] <<< [apiv2][status] POST https://firebasehosting.googleapis.com/v1beta1/projects/-/sites/hkarate-app/versions 500
[debug] [2026-09-01T12:17:33.190Z] <<< [apiv2][body] POST https://firebasehosting.googleapis.com/v1beta1/projects/-/sites/hkarate-app/versions {"error":{"code":500,"message":"Internal error encountered.","status":"INTERNAL"}}
[error] 
[error] Error: Request to https://firebasehosting.googleapis.com/v1beta1/projects/-/sites/hkarate-app/versions had HTTP Error: 500, Internal error encountered.
[debug] [2026-09-01T12:17:33.192Z] Error Context: {
  "body": {
    "error": {
      "code": 500,
      "message": "Internal error encountered.",
      "status": "INTERNAL"
    }
  },
  "response": {
    "statusCode": 500
  }
}
